[debug] [2025-02-04T09:05:30.684Z] ----------------------------------------------------------------------
[debug] [2025-02-04T09:05:30.686Z] Command:       /usr/local/bin/firebase /Users/ugonna/.cache/firebase/tools/lib/node_modules/firebase-tools/lib/bin/firebase init functions
[debug] [2025-02-04T09:05:30.687Z] CLI Version:   13.29.3
[debug] [2025-02-04T09:05:30.687Z] Platform:      darwin
[debug] [2025-02-04T09:05:30.687Z] Node Version:  v18.5.0
[debug] [2025-02-04T09:05:30.695Z] Time:          Tue Feb 04 2025 10:05:30 GMT+0100 (West Africa Standard Time)
[debug] [2025-02-04T09:05:30.695Z] ----------------------------------------------------------------------
[debug] 
[debug] [2025-02-04T09:05:30.711Z] > command requires scopes: ["email","openid","https://www.googleapis.com/auth/cloudplatformprojects.readonly","https://www.googleapis.com/auth/firebase","https://www.googleapis.com/auth/cloud-platform"]
[debug] [2025-02-04T09:05:30.713Z] > authorizing via signed-in user (ugiezie@gmail.com)
[info] 
     ######## #### ########  ######## ########     ###     ######  ########
     ##        ##  ##     ## ##       ##     ##  ##   ##  ##       ##
     ######    ##  ########  ######   ########  #########  ######  ######
     ##        ##  ##    ##  ##       ##     ## ##     ##       ## ##
     ##       #### ##     ## ######## ########  ##     ##  ######  ########

You're about to initialize a Firebase project in this directory:

  /private/var/root/Documents/Work.nosync/Splicr

Before we get started, keep in mind:

  * You are currently outside your home directory

[info] 
=== Project Setup
[info] 
[info] First, let's associate this project directory with a Firebase project.
[info] You can create multiple project aliases by running firebase use --add, 
[info] but for now we'll just set up a default project.
[info] 
[debug] [2025-02-04T09:05:32.441Z] Checked if tokens are valid: true, expires at: 1738663516011
[debug] [2025-02-04T09:05:32.444Z] Checked if tokens are valid: true, expires at: 1738663516011
[debug] [2025-02-04T09:05:32.449Z] >>> [apiv2][query] GET https://firebase.googleapis.com/v1beta1/projects pageSize=100
[debug] [2025-02-04T09:05:33.243Z] <<< [apiv2][status] GET https://firebase.googleapis.com/v1beta1/projects 200
[debug] [2025-02-04T09:05:33.246Z] <<< [apiv2][body] GET https://firebase.googleapis.com/v1beta1/projects [omitted]
[info] i  Using project splicr-development (splicr-development) 
[info] 
=== Functions Setup
[debug] [2025-02-04T09:10:29.683Z] > command requires scopes: ["email","openid","https://www.googleapis.com/auth/cloudplatformprojects.readonly","https://www.googleapis.com/auth/firebase","https://www.googleapis.com/auth/cloud-platform"]
[debug] [2025-02-04T09:10:29.688Z] > authorizing via signed-in user (ugiezie@gmail.com)
[debug] [2025-02-04T09:10:29.688Z] [iam] checking project splicr-development for permissions ["firebase.projects.get"]
[debug] [2025-02-04T09:10:29.693Z] Checked if tokens are valid: true, expires at: 1738663516011
[debug] [2025-02-04T09:10:29.694Z] Checked if tokens are valid: true, expires at: 1738663516011
[debug] [2025-02-04T09:10:29.694Z] >>> [apiv2][query] POST https://cloudresourcemanager.googleapis.com/v1/projects/splicr-development:testIamPermissions [none]
[debug] [2025-02-04T09:10:29.694Z] >>> [apiv2][(partial)header] POST https://cloudresourcemanager.googleapis.com/v1/projects/splicr-development:testIamPermissions x-goog-quota-user=projects/splicr-development
[debug] [2025-02-04T09:10:29.694Z] >>> [apiv2][body] POST https://cloudresourcemanager.googleapis.com/v1/projects/splicr-development:testIamPermissions {"permissions":["firebase.projects.get"]}
[debug] [2025-02-04T09:10:30.913Z] <<< [apiv2][status] POST https://cloudresourcemanager.googleapis.com/v1/projects/splicr-development:testIamPermissions 200
[debug] [2025-02-04T09:10:30.913Z] <<< [apiv2][body] POST https://cloudresourcemanager.googleapis.com/v1/projects/splicr-development:testIamPermissions {"permissions":["firebase.projects.get"]}
[debug] [2025-02-04T09:10:30.915Z] Checked if tokens are valid: true, expires at: 1738663516011
[debug] [2025-02-04T09:10:30.916Z] Checked if tokens are valid: true, expires at: 1738663516011
[debug] [2025-02-04T09:10:30.917Z] Checked if tokens are valid: true, expires at: 1738663516011
[debug] [2025-02-04T09:10:30.917Z] Checked if tokens are valid: true, expires at: 1738663516011
[debug] [2025-02-04T09:10:30.917Z] >>> [apiv2][query] GET https://serviceusage.googleapis.com/v1/projects/splicr-development/services/cloudfunctions.googleapis.com [none]
[debug] [2025-02-04T09:10:30.918Z] >>> [apiv2][(partial)header] GET https://serviceusage.googleapis.com/v1/projects/splicr-development/services/cloudfunctions.googleapis.com x-goog-quota-user=projects/splicr-development
[debug] [2025-02-04T09:10:30.926Z] >>> [apiv2][query] GET https://serviceusage.googleapis.com/v1/projects/splicr-development/services/runtimeconfig.googleapis.com [none]
[debug] [2025-02-04T09:10:30.926Z] >>> [apiv2][(partial)header] GET https://serviceusage.googleapis.com/v1/projects/splicr-development/services/runtimeconfig.googleapis.com x-goog-quota-user=projects/splicr-development
[debug] [2025-02-04T09:10:32.291Z] <<< [apiv2][status] GET https://serviceusage.googleapis.com/v1/projects/splicr-development/services/runtimeconfig.googleapis.com 200
[debug] [2025-02-04T09:10:32.292Z] <<< [apiv2][body] GET https://serviceusage.googleapis.com/v1/projects/splicr-development/services/runtimeconfig.googleapis.com [omitted]
[debug] [2025-02-04T09:10:32.294Z] <<< [apiv2][status] GET https://serviceusage.googleapis.com/v1/projects/splicr-development/services/cloudfunctions.googleapis.com 200
[debug] [2025-02-04T09:10:32.294Z] <<< [apiv2][body] GET https://serviceusage.googleapis.com/v1/projects/splicr-development/services/cloudfunctions.googleapis.com [omitted]
[debug] [2025-02-04T09:10:32.295Z] Checked if tokens are valid: true, expires at: 1738663516011
[debug] [2025-02-04T09:10:32.295Z] Checked if tokens are valid: true, expires at: 1738663516011
[debug] [2025-02-04T09:10:32.295Z] >>> [apiv2][query] POST https://serviceusage.googleapis.com/v1/projects/splicr-development/services/cloudfunctions.googleapis.com:enable [none]
[debug] [2025-02-04T09:10:32.295Z] >>> [apiv2][(partial)header] POST https://serviceusage.googleapis.com/v1/projects/splicr-development/services/cloudfunctions.googleapis.com:enable x-goog-quota-user=projects/splicr-development
[debug] [2025-02-04T09:10:33.779Z] <<< [apiv2][status] POST https://serviceusage.googleapis.com/v1/projects/splicr-development/services/cloudfunctions.googleapis.com:enable 200
[debug] [2025-02-04T09:10:33.780Z] <<< [apiv2][body] POST https://serviceusage.googleapis.com/v1/projects/splicr-development/services/cloudfunctions.googleapis.com:enable [omitted]
[debug] [2025-02-04T09:10:43.786Z] Checked if tokens are valid: true, expires at: 1738663516011
[debug] [2025-02-04T09:10:43.788Z] Checked if tokens are valid: true, expires at: 1738663516011
[debug] [2025-02-04T09:10:43.789Z] >>> [apiv2][query] GET https://serviceusage.googleapis.com/v1/projects/splicr-development/services/cloudfunctions.googleapis.com [none]
[debug] [2025-02-04T09:10:43.789Z] >>> [apiv2][(partial)header] GET https://serviceusage.googleapis.com/v1/projects/splicr-development/services/cloudfunctions.googleapis.com x-goog-quota-user=projects/splicr-development
[debug] [2025-02-04T09:10:45.357Z] <<< [apiv2][status] GET https://serviceusage.googleapis.com/v1/projects/splicr-development/services/cloudfunctions.googleapis.com 200
[debug] [2025-02-04T09:10:45.359Z] <<< [apiv2][body] GET https://serviceusage.googleapis.com/v1/projects/splicr-development/services/cloudfunctions.googleapis.com [omitted]
[info] Let's create a new codebase for your functions.
[info] A directory corresponding to the codebase will be created in your project
[info] with sample code pre-configured.

[info] See https://firebase.google.com/docs/functions/organize-functions for
[info] more information on organizing your functions using codebases.

[info] Functions can be deployed with firebase deploy.

[info] ✔  Wrote functions/package.json 
[info] ✔  Wrote functions/.eslintrc.js 
[info] ✔  Wrote functions/index.js 
[info] ✔  Wrote functions/.gitignore 
